
> kinexis-next@0.1.0 build
> next build

▲ Next.js 16.1.6 (Turbopack)
- Environments: .env.local

  Creating an optimized production build ...
✓ Compiled successfully in 5.4s
  Running TypeScript ...
Failed to compile.

./src/app/channels/ChannelsPageClient.tsx:511:675
Type error: Object literal may only specify known properties, and 'seats_total' does not exist in type 'SetStateAction<{ event_title: string; event_date: string; event_time: string; event_location: string; event_desc: string; event_url: string; event_tags: string[]; event_category: string; }>'.

[0m [90m 509 |[39m                 {pts [33m&&[39m [33m<[39m[33mspan[39m style[33m=[39m{{ display[33m:[39m [32m"inline-flex"[39m[33m,[39m alignItems[33m:[39m [32m"center"[39m[33m,[39m gap[33m:[39m [35m4[39m[33m,[39m padding[33m:[39m [32m"3px 10px"[39m[33m,[39m borderRadius[33m:[39m [35m12[39m[33m,[39m fontSize[33m:[39m [35m10[39m[33m,[39m fontWeight[33m:[39m [35m700[39m[33m,[39m background[33m:[39m pts[33m.[39mbg[33m,[39m border[33m:[39m [32m`1px solid ${pts.border}`[39m[33m,[39m color[33m:[39m pts[33m.[39mcolor }}[33m>[39m{post[33m.[39mpost_type [33m===[39m [32m"event"[39m [33m&&[39m [33m<[39m[33mCalendarIcon[39m size[33m=[39m{[35m10[39m} [35m/>}{post.post_type === "poll" && <ChartIcon size={10} /[39m[33m>[39m}{pts[33m.[39mlabel}[33m<[39m[33m/[39m[33mspan[39m[33m>[39m}
 [90m 510 |[39m                 {canEdit [33m&&[39m [33m<[39m[33mdiv[39m style[33m=[39m{{ position[33m:[39m [32m"relative"[39m[33m,[39m marginLeft[33m:[39m [35m8[39m }}[33m>[39m[33m<[39m[33mbutton[39m type[33m=[39m[32m"button"[39m onClick[33m=[39m{() [33m=>[39m setMenuOpen(menuOpen [33m===[39m post[33m.[39mid [33m?[39m [36mnull[39m [33m:[39m post[33m.[39mid)} style[33m=[39m{{ background[33m:[39m [32m"none"[39m[33m,[39m border[33m:[39m [32m"none"[39m[33m,[39m color[33m:[39m [32m"rgba(255,255,255,0.4)"[39m[33m,[39m cursor[33m:[39m [32m"pointer"[39m }}[33m>[39m[33m<[39m[33mDotsIcon[39m size[33m=[39m{[35m16[39m} [33m/[39m[33m>[39m[33m<[39m[33m/[39m[33mbutton[39m[33m>[39m
[31m[1m>[22m[39m[90m 511 |[39m                   {menuOpen [33m===[39m post[33m.[39mid [33m&&[39m [33m<[39m[33mdiv[39m style[33m=[39m{{ position[33m:[39m [32m"absolute"[39m[33m,[39m right[33m:[39m [35m0[39m[33m,[39m top[33m:[39m [32m"100%"[39m[33m,[39m background[33m:[39m [32m"#22223A"[39m[33m,[39m border[33m:[39m [32m"1px solid rgba(255,255,255,0.13)"[39m[33m,[39m borderRadius[33m:[39m [35m12[39m[33m,[39m padding[33m:[39m [35m6[39m[33m,[39m zIndex[33m:[39m [35m50[39m[33m,[39m minWidth[33m:[39m [35m140[39m[33m,[39m boxShadow[33m:[39m [32m"0 8px 32px rgba(0,0,0,0.4)"[39m }}[33m>[39m[33m<[39m[33mbutton[39m type[33m=[39m[32m"button"[39m onClick[33m=[39m{() [33m=>[39m { setEditingPostId(post[33m.[39mid)[33m;[39m setComposeText(post[33m.[39mbody)[33m;[39m setComposeTitle(post[33m.[39mtitle [33m||[39m [32m""[39m)[33m;[39m setComposeType(post[33m.[39mpost_type)[33m;[39m [36mif[39m (post[33m.[39mpost_type [33m===[39m [32m"event"[39m) { setEventMeta({ event_title[33m:[39m meta[33m.[39mevent_title [33m||[39m [32m""[39m[33m,[39m event_date[33m:[39m meta[33m.[39mevent_date [33m||[39m [32m""[39m[33m,[39m event_time[33m:[39m meta[33m.[39mevent_time [33m||[39m [32m""[39m[33m,[39m event_location[33m:[39m meta[33m.[39mevent_location [33m||[39m [32m""[39m[33m,[39m event_tags[33m:[39m meta[33m.[39mevent_tags[33m?[39m[33m.[39mjoin([32m","[39m) [33m||[39m [32m""[39m[33m,[39m seats_total[33m:[39m meta[33m.[39mseats_total [33m||[39m [32m""[39m })[33m;[39m } [36melse[39m [36mif[39m (post[33m.[39mpost_type [33m===[39m [32m"poll"[39m) { setPollOptions(meta[33m.[39moptions[33m?[39m[33m.[39mmap((o[33m:[39m any) [33m=>[39m o[33m.[39mlabel) [33m||[39m [[32m""[39m[33m,[39m [32m""[39m])[33m;[39m } setMenuOpen([36mnull[39m)[33m;[39m window[33m.[39mscrollTo({ top[33m:[39m [35m0[39m[33m,[39m behavior[33m:[39m [32m"smooth"[39m })[33m;[39m }} style[33m=[39m{{ display[33m:[39m [32m"flex"[39m[33m,[39m alignItems[33m:[39m [32m"center"[39m[33m,[39m gap[33m:[39m [35m8[39m[33m,[39m width[33m:[39m [32m"100%"[39m[33m,[39m padding[33m:[39m [32m"8px 12px"[39m[33m,[39m background[33m:[39m [32m"none"[39m[33m,[39m border[33m:[39m [32m"none"[39m[33m,[39m color[33m:[39m [32m"#fff"[39m[33m,[39m fontSize[33m:[39m [35m12[39m[33m,[39m cursor[33m:[39m [32m"pointer"[39m[33m,[39m borderRadius[33m:[39m [35m6[39m }} onMouseEnter[33m=[39m{e [33m=>[39m (e[33m.[39mcurrentTarget[33m.[39mstyle[33m.[39mbackground [33m=[39m [32m"rgba(255,255,255,0.06)"[39m)} onMouseLeave[33m=[39m{e [33m=>[39m (e[33m.[39mcurrentTarget[33m.[39mstyle[33m.[39mbackground [33m=[39m [32m"none"[39m)}[33m>[39m[33m<[39m[33mPencilIcon[39m size[33m=[39m{[35m13[39m} [33m/[39m[33m>[39m [33mEdit[39m post[33m<[39m[35m/button><button type="button" onClick={() => deletePost(post.id)} style={{ display: "flex", alignItems: "center", gap: 8, width: "100%", padding: "8px 12px", background: "none", border: "none", color: "#FB7185", fontSize: 12, cursor: "pointer", borderRadius: 6 }} onMouseEnter={e => (e.currentTarget.style.background = "rgba(251,113,133,0.06)")} onMouseLeave={e => (e.currentTarget.style.background = "none")}><TrashIcon size={13} /[39m[33m>[39m [33mDelete[39m post[33m<[39m[33m/[39m[33mbutton[39m[33m>[39m[33m<[39m[33m/[39m[33mdiv[39m[33m>[39m}
 [90m     |[39m                                                                                                                                                                                                                                                                                                                                                                                                                                                                                                                                                                                                                                                                                                   [31m[1m^[22m[39m
 [90m 512 |[39m                 [33m<[39m[33m/[39m[33mdiv[39m[33m>[39m}
 [90m 513 |[39m               [33m<[39m[33m/[39m[33mdiv[39m[33m>[39m
 [90m 514 |[39m               {post[33m.[39mtitle [33m&&[39m [33m<[39m[33mdiv[39m style[33m=[39m{{ fontFamily[33m:[39m [32m"var(--font-syne), Syne, sans-serif"[39m[33m,[39m fontWeight[33m:[39m [35m800[39m[33m,[39m fontSize[33m:[39m [35m15[39m[33m,[39m color[33m:[39m [32m"#fff"[39m[33m,[39m marginTop[33m:[39m [35m8[39m[33m,[39m marginBottom[33m:[39m [35m4[39m }}[33m>[39m{post[33m.[39mtitle}[33m<[39m[33m/[39m[33mdiv[39m[33m>[39m}[0m
Next.js build worker exited with code: 1 and signal: null
